// Jest Snapshot v1, https://goo.gl/fbAQLP

exports[`MainPage tests Snapshot test 1`] = `
<div
  className="tc"
>
  <h1
    className="f1"
  >
    RoboFriends
  </h1>
  <div
    className="pa2"
  >
    <input
      aria-label="Robots search box"
      className="pa3 ba b--green bg-lightest-blue"
      placeholder="search robots"
      type="search"
    />
  </div>
  <div
    style={
      Object {
        "border": "5px solid black",
        "height": "800px",
        "overflow": "scroll",
      }
    }
  >
    <div />
  </div>
</div>
`;
